// Jest Snapshot v1, https://goo.gl/fbAQLP

exports[`<ErrorBoundry /> should render properly without crashing 1`] = `
Array [
  null,
]
`;
