// Jest Snapshot v1, https://goo.gl/fbAQLP

exports[`<MainSection /> should render properly without crashing 1`] = `
Array [
  <section
    className=""
  />,
]
`;
