// Jest Snapshot v1, https://goo.gl/fbAQLP

exports[`<App /> should render initial layout 1`] = `
Array [
  <AppRouter
    isAppInitialized="INPROGRESS"
  />,
]
`;
