// Jest Snapshot v1, https://goo.gl/fbAQLP

exports[`<Image /> should render properly without crashing 1`] = `
Array [
  <img
    className=""
    onClick={[MockFunction]}
  />,
]
`;
